// Jest Snapshot v1, https://goo.gl/fbAQLP

exports[`<CharacterCard /> should renders correctly 1`] = `
<div
  className="MuiBox-root MuiBox-root-8 makeStyles-root-1"
>
  <div
    className="MuiBox-root MuiBox-root-9 makeStyles-cover-3"
  />
  <div
    className="MuiBox-root MuiBox-root-10"
  >
    <div
      className="MuiGrid-root makeStyles-details-7 MuiGrid-container MuiGrid-justify-xs-space-between"
    >
      <h2
        className="MuiTypography-root makeStyles-name-4 MuiTypography-h5 MuiTypography-colorTextSecondary"
      >
        RICK SANCHEZ
      </h2>
      <img
        alt="Rick Sanchez"
        className="makeStyles-genderIcon-6"
        src="male.png"
      />
    </div>
    <div
      className="MuiGrid-root makeStyles-details-7 MuiGrid-container"
    >
      <div
        className="MuiGrid-root MuiGrid-container MuiGrid-justify-xs-space-between"
      >
        <p
          className="MuiTypography-root makeStyles-dataTitle-11 MuiTypography-body1 MuiTypography-gutterBottom"
        >
          Status
        </p>
        <p
          className="MuiTypography-root MuiTypography-body1 MuiTypography-gutterBottom"
        >
          <span
            className="MuiBox-root MuiBox-root-13"
          >
            <span
              className="MuiBox-root MuiBox-root-14"
            >
              Alive
            </span>
            <span
              className="MuiBox-root MuiBox-root-15 makeStyles-root-12"
            />
          </span>
        </p>
      </div>
      <div
        className="MuiGrid-root MuiGrid-container MuiGrid-justify-xs-space-between"
      >
        <p
          className="MuiTypography-root makeStyles-dataTitle-11 MuiTypography-body1 MuiTypography-gutterBottom"
        >
          Location
        </p>
        <p
          className="MuiTypography-root MuiTypography-body1 MuiTypography-gutterBottom"
        >
          Earth (Replacement Dimension)
        </p>
      </div>
      <div
        className="MuiGrid-root MuiGrid-container MuiGrid-justify-xs-space-between"
      >
        <p
          className="MuiTypography-root makeStyles-dataTitle-11 MuiTypography-body1 MuiTypography-gutterBottom"
        >
          Origin
        </p>
        <p
          className="MuiTypography-root MuiTypography-body1 MuiTypography-gutterBottom"
        >
          Earth (C-137)
        </p>
      </div>
    </div>
  </div>
</div>
`;
