// Jest Snapshot v1, https://goo.gl/fbAQLP

exports[`<InfoRow /> should renders correctly 1`] = `
<div
  className="MuiBox-root MuiBox-root-2"
>
  <div
    className="MuiBox-root MuiBox-root-3 makeStyles-dataTitle-1"
  >
    Hi
  </div>
  <div
    className="MuiBox-root MuiBox-root-4"
  >
    Hello
  </div>
</div>
`;
